// Jest Snapshot v1, https://goo.gl/fbAQLP

exports[`Input should render correctly with variants 1`] = `
<div
  className="sc-bczRLJ kuhJBS"
  color="#9B9B9B"
>
  <h3>
    teste
  </h3>
  <input
    data-testid="input-test"
    onBlur={[Function]}
    onChange={[Function]}
    onFocus={[Function]}
    onMouseDown={[Function]}
    onPaste={[Function]}
    placeholder="test"
    value="tes-____"
  />
</div>
`;
